<?xml version="1.0" encoding="utf-8"?><testsuites name="pytest tests"><testsuite name="pytest" errors="0" failures="0" skipped="0" tests="35" time="7.776" timestamp="2025-07-19T20:28:03.732855-03:00" hostname="ELOMBP-HWP6662"><testcase classname="tests.test_datadog_connection.TestDatadogConnection" name="test_initialization_success" time="0.006" /><testcase classname="tests.test_datadog_connection.TestDatadogConnection" name="test_initialization_missing_api_key" time="0.004" /><testcase classname="tests.test_datadog_connection.TestDatadogConnection" name="test_initialization_missing_app_key" time="0.001" /><testcase classname="tests.test_datadog_connection.TestDatadogConnection" name="test_initialization_missing_both_keys" time="0.001" /><testcase classname="tests.test_datadog_connection.TestDatadogMonitors" name="test_get_monitors_success" time="0.003" /><testcase classname="tests.test_datadog_connection.TestDatadogMonitors" name="test_get_monitors_with_tags_filter" time="0.004" /><testcase classname="tests.test_datadog_connection.TestDatadogMonitors" name="test_get_monitors_filter_by_priority" time="0.003" /><testcase classname="tests.test_datadog_connection.TestDatadogMonitors" name="test_get_monitors_api_error" time="0.002" /><testcase classname="tests.test_datadog_connection.TestDatadogMonitors" name="test_get_monitors_empty_result" time="0.002" /><testcase classname="tests.test_datadog_connection.TestDatadogLogs" name="test_get_logs_default_parameters" time="0.002" /><testcase classname="tests.test_datadog_connection.TestDatadogLogs" name="test_get_logs_custom_parameters" time="0.003" /><testcase classname="tests.test_datadog_connection.TestDatadogLogs" name="test_get_logs_api_error" time="0.003" /><testcase classname="tests.test_datadog_connection.TestDatadogLogs" name="test_get_logs_without_to_dict_method" time="0.002" /><testcase classname="tests.test_datadog_connection.TestDatadogGeneralOperations" name="test_run_with_string_query" time="0.003" /><testcase classname="tests.test_datadog_connection.TestDatadogGeneralOperations" name="test_run_with_json_query" time="0.002" /><testcase classname="tests.test_datadog_connection.TestDatadogGeneralOperations" name="test_run_unknown_action" time="0.002" /><testcase classname="tests.test_datadog_connection.TestDatadogGeneralOperations" name="test_get_metrics_not_implemented" time="0.003" /><testcase classname="tests.test_datadog_connection.TestDatadogGeneralOperations" name="test_run_with_malformed_json" time="0.002" /><testcase classname="tests.test_datadog_connection.TestDatadogGeneralOperations" name="test_run_exception_handling" time="0.002" /><testcase classname="tests.test_datadog_connection.TestDatadogIntegration" name="test_end_to_end_monitors_workflow" time="0.003" /><testcase classname="tests.test_datadog_connection.TestDatadogIntegration" name="test_connection_timeout_simulation" time="0.002" /><testcase classname="tests.test_datadog_performance.TestDatadogPerformance" name="test_get_monitors_large_dataset" time="0.118" /><testcase classname="tests.test_datadog_performance.TestDatadogPerformance" name="test_concurrent_monitor_requests" time="0.017" /><testcase classname="tests.test_datadog_performance.TestDatadogPerformance" name="test_memory_usage_large_response" time="1.293" /><testcase classname="tests.test_datadog_performance.TestDatadogPerformance" name="test_timeout_handling" time="0.109" /><testcase classname="tests.test_datadog_performance.TestDatadogRateLimiting" name="test_rate_limit_error_handling" time="0.004" /><testcase classname="tests.test_datadog_performance.TestDatadogRateLimiting" name="test_burst_requests" time="0.004" /><testcase classname="tests.test_datadog_performance.TestDatadogErrorScenarios" name="test_authentication_error" time="0.003" /><testcase classname="tests.test_datadog_performance.TestDatadogErrorScenarios" name="test_forbidden_error" time="0.003" /><testcase classname="tests.test_datadog_performance.TestDatadogErrorScenarios" name="test_service_unavailable" time="0.003" /><testcase classname="tests.test_datadog_performance.TestDatadogErrorScenarios" name="test_malformed_api_response" time="0.003" /><testcase classname="tests.test_datadog_performance.TestDatadogErrorScenarios" name="test_network_connection_error" time="0.003" /><testcase classname="tests.test_datadog_performance.TestDatadogErrorScenarios" name="test_json_decode_error_in_response" time="0.003" /><testcase classname="tests.test_datadog_performance.TestDatadogStressTest" name="test_repeated_requests_stability" time="0.008" /><testcase classname="tests.test_datadog_performance.TestDatadogStressTest" name="test_memory_leak_detection" time="0.341" /></testsuite></testsuites>